
############################################################
# mixin 插件安全
############################################################
  ==> 通过

############################################################
# 屏蔽门锚点与跳变
############################################################
  ==> 通过

############################################################
# 屏蔽门存档字段
############################################################
  ==> 通过

############################################################
# 屏蔽门提示音素材
############################################################
  ==> 通过

############################################################
# 屏蔽门关门提示音对齐
############################################################
  ==> 通过

############################################################
# 屏蔽门提示音顺序
############################################################
  ==> 通过

############################################################
# 屏蔽门提前量状态机
############################################################
  ==> 通过

############################################################
# 屏蔽门音量与淡入淡出
############################################################
  ==> 通过

############################################################
# 屏蔽门站台广播
############################################################
  ==> 通过

############################################################
# 屏蔽门串身份=站台
############################################################
  ==> 通过

############################################################
# 屏蔽门1.28身份迁移与列车倍率
############################################################
  ==> 通过

############################################################
# 屏蔽门铃声/播报归属
############################################################
  ==> 通过

############################################################
# 屏蔽门1.31借用与列车挡
############################################################
  ==> 通过

############################################################
# 屏蔽门讲述人/自定义拆开
############################################################
  ==> 通过

############################################################
# 扶梯阶梯渲染引擎
############################################################
  ==> 通过

############################################################
# 扶梯黑面修复(原版MTR)
############################################################
  ==> 通过

############################################################
# 扶梯黑面修复(Sodium兼容)
############################################################
  ==> 通过

############################################################
# 扶梯三页UI两列版式+五改
############################################################
  ==> 通过

############################################################
# MBM批量音频指令
############################################################
  ==> 通过

############################################################
# 音频分类隔离
############################################################
  ==> 通过

############################################################
# 打开文件夹按钮
############################################################
  ==> 通过

############################################################
# 预设选择界面与预设
############################################################
  ==> 通过

############################################################
# 同步所有按钮与弹窗
############################################################
  ==> 通过

############################################################
# 列车音效界面与侧线
############################################################
  ==> 通过

############################################################
# 直梯提示音链路
############################################################
  ==> 通过

############################################################
# 直梯四提示音素材
############################################################
  ==> 通过

############################################################
# 直梯准备移动音
############################################################
  ==> 通过

############################################################
# 无障碍提示音分档
############################################################
  ==> 通过

############################################################
# 直梯楼层轨道外观
############################################################
  ==> 通过

############################################################
# 指令树
############################################################
  ==> 通过

############################################################
# 全部离线回归通过
############################################################
[safe-delete][diag] genie-trash failed: exit=1 bin=C:\Program Files\WorkBuddy\resources\vendor\genie-trash/win32-x64.exe path=/c/Users/user/Desktop/2/mzycBetterMTR-1.20.4/C:/Users/user/AppData/Local/Temp/tmp.3JzxAXDeNh stderr=ERROR c:\Users\user\Desktop\2\mzycBetterMTR-1.20.4\C:\Users\user\AppData\Local\Temp\tmp.3JzxAXDeNh: Error during a `trash` operation: CanonicalizePath { original: "c:\\Users\\user\\Desktop\\2\\mzycBetterMTR-1.20.4\\C:\\Users\\user\\AppData\\Local\\Temp" }
[safe-delete][SAFE_DELETE_FAIL_CLOSED] {"target":"C:\\Users\\user\\AppData\\Local\\Temp/tmp.3JzxAXDeNh","reason":"trash-failed","trashBin":"C:\\Program Files\\WorkBuddy\\resources\\vendor\\genie-trash/win32-x64.exe","genieTrashDir":"C:\\Program Files\\WorkBuddy\\resources\\vendor\\genie-trash"}
