
===== 1) 三个新指令 + 音量范围 1~1000 =====
[PASS] 注册了 /pbmmusicloud
[PASS] 注册了 /pbmmidiumloud
[PASS] 注册了 /pbmarriveloud
[PASS] ★ /pbmmusicloud 与 /pbmloud **同一份数据**（都走 pbmLoudShow / pbmLoudGlobal）
[PASS] 两项新指令都带 -f（强制所有维度）分支
[PASS] 两项新指令的 X / X to Y 形状都在
[PASS] AUDIO_VOLUME_MIN = 1
[PASS] AUDIO_VOLUME_MAX = 1000
[PASS] volumeArg() = integer(1, 1000)（指令树校验拿的就是这两个常量）
[PASS] HELP_VOLUME_MIN/MAX 直接引用 AUDIO_VOLUME_MIN/MAX（不会两套数各走各的）
[PASS] DEFAULT_PSD_HELP_VOLUME 复用共用默认（不是又一个新数）

===== 2) 两条新通道（到站音量 / 进站音量） =====
[FAIL] SetPsdMidiumLoudPacket 包类存在
[FAIL] SetPsdArriveLoudPacket 包类存在

===== 3) 数据层：PsdToneAudio 20 字段 + 哨兵 -1 =====
[PASS] 找得到 PsdToneAudio record 声明
[PASS] ★ PsdToneAudio 是 20 字段（13 + 到站/进站 2 + 音量 1 + 进站讲述人 2 + 站台讲述人 2）  -- 得到 20：String open, String close, Boolean help, Boolean openEnabled, Boolean closeEnabled, Integer volume, Integer openVolume, Integer closeVolume, Integer openWaitSeconds, Integer closeWaitSeconds, String midium, Integer midiumWaitSeconds, Integer midiumVolume, String arrive, Integer arriveSeconds, Integer arriveVolume, Integer narrate, Integer narrateSeconds, Integer midiumNarrate, Integer midiumNarrateSeconds
[PASS] ★ midiumNarrateSeconds 在末尾（追加式改包的标准姿势：老位置一个都没动）  -- 得到 Integer midiumNarrateSeconds
[PASS] ★ midiumVolume 紧跟 midiumWaitSeconds（同一件事的三个字段聚在一起，别散开）  -- 得到 ['String midium', 'Integer midiumWaitSeconds', 'Integer midiumVolume']
[PASS] 7 个「可空盒装」音量/秒数字段都在（null = 跟维度默认）
[PASS] PSD_TONE_VOLUME_UNSET 复用 LIFT_TONE_VOLUME_UNSET（同一套哨兵语义）
[PASS] 哨兵值 = -1
[PASS] 两个新维度默认字段初值 = 哨兵（没调过 ⇒ 跟共用默认）
[PASS] 找得到 clampPsdToneVolume
[PASS] ★ 哨兵 -1 **原样放行**（不夹进 [1,1000] —— 夹了用户看到的是「跟随」变成 1）
[PASS] 其余值走 max(MIN, min(MAX, x))
[PASS] 夹取复算：-5→1 / 0→1 / 1→1 / 100→100 / 1000→1000 / 1001→1000 / 99999→1000  -- 得到 [(-5, 1), (0, 1), (1, 1), (100, 100), (1000, 1000), (1001, 1000), (99999, 1000)]
[PASS] ★ 夹取复算：-1 → -1（哨兵穿过）

----- NBT 往返（存档里的键名） -----
[PASS] 维度默认音量 defaultPsdMidiumVolume 读写成对
[PASS] 维度默认音量 defaultPsdArriveVolume 读写成对
[PASS] 按门覆盖 midiumVolume 读写成对（可选：不吃旧存档）
[PASS] 按门覆盖 arriveVolume 读写成对（可选：不吃旧存档）
[PASS] ★ 读存档时也夹一次（坏存档 / 手改 NBT 绕过指令树那层 arg 校验）

===== 4) ★★ 包读写序逐格一致（错位不报错，只会把值串到别的字段） =====
[FAIL] 抓得到 PsdToneSyncPacket.encode 的包体
[FAIL] 抓得到 PsdToneSyncPacket.decode 的读取段
[FAIL] 抓得到维度包的写段 / 读段
[PASS] 找得到 applyClientPsdChime 签名
[FAIL] ★ applyClientPsdChime 19 入参 = record 15 + dimension + enabled + 【1.23】两个范围（维度包多带这两个，包格数 19 也对得上）  -- 得到 26：ResourceKey<Level> dimension, boolean enabled, int volume, boolean openEnabled, boolean closeEnabled, int roundXz, int roundY, int toneVolumeOpen, int toneVolumeClose, String toneAudioOpen, String toneAudioClose, int closeWaitSeconds, String midiumAudio, int midiumWaitSeconds, String arriveAudio, int arriveSeconds, int midiumVolume, int arriveVolume, int midiumRoundXz, int midiumRoundY, int arriveRoundXz, int arriveRoundY, int narrateMode, int narrateSeconds, int midiumNarrateMode, int midiumNarrateSeconds
[FAIL] 【1.23】两个范围在 applyClientPsdChime 入参**末尾**  -- 得到 ['int midiumNarrateMode', 'int midiumNarrateSeconds']
[FAIL] ★ 末尾四格 = 1.22 的音量对 + 1.23 的范围对（顺序与包、与读段三处一致）  -- 得到 ['int narrateMode', 'int narrateSeconds', 'int midiumNarrateMode', 'int midiumNarrateSeconds']
[PASS] 找得到客户端构造 PsdToneAudio 的地方
[PASS] ★ 客户端构造实参 = 20  -- 得到 20
[PASS] ★★ 客户端构造实参逐个 == record 参数名（顺序 + 名字全对上）  -- 实参=['open', 'close', 'help', 'openEnabled', 'closeEnabled', 'volume', 'openVolume', 'closeVolume', 'openWaitSeconds', 'closeWaitSeconds', 'midium', 'midiumWaitSeconds', 'midiumVolume', 'arrive', 'arriveSeconds', 'arriveVolume', 'narrate', 'narrateSeconds', 'midiumNarrate', 'midiumNarrateSeconds']
             record=['open', 'close', 'help', 'openEnabled', 'closeEnabled', 'volume', 'openVolume', 'closeVolume', 'openWaitSeconds', 'closeWaitSeconds', 'midium', 'midiumWaitSeconds', 'midiumVolume', 'arrive', 'arriveSeconds', 'arriveVolume', 'narrate', 'narrateSeconds', 'midiumNarrate', 'midiumNarrateSeconds']
[PASS] 20 个实参/参数名互不重复（重名会让上面那条断言失去分辨力）

===== 5) 石斧 UI：音量输入框 / 标签 / 底部合并 / 列表 ≥ 5 行 =====
[PASS] 标签 ROW_WAIT_LABEL = "等待秒数:"
[PASS] 标签 ROW_LOUD_LABEL = "音量:"
[PASS] 字段 midiumLoudInput 存在
[PASS] midiumLoudInput 用 rowLoudBoxX(...) 定位（= 在「等待秒数」框右边）
[PASS] midiumLoudInput 真的加进了界面
[PASS] 字段 arriveLoudInput 存在
[PASS] arriveLoudInput 用 rowLoudBoxX(...) 定位（= 在「等待秒数」框右边）
[PASS] arriveLoudInput 真的加进了界面
[FAIL] 两个音量框都带「音量:」提示
[FAIL] 两个秒数框都带「等待秒数:」提示
[PASS] ★ rowLoudBoxX = rowLoudLabelX + 「音量:」自身宽度（跟着字体走，不是写死偏移）
[PASS] ★ rowLoudLabelX = rowWaitBoxX + ROW_BOX_W + 间隔（**先有秒数框、右边才是音量块**）  -- 得到 rowWaitBoxX(cx) + ROW_BOX_W + 8
[PASS] ★ rowWaitBoxX 让开「等待秒数:」的宽度（标签不会压到框）
[PASS] ★【1.23】底部两框已删（强制等待 = 关门行右侧等待秒数框；默认音量走 /pbmloud 指令）
[PASS] ★ 秒数框紧跟在音量框右边（x 由音量框宽度 + 「强制等待」标签宽度推出）
[PASS] 底部两框宽度 = 56 / 52
[PASS] 主界面输入框在 applyMainInputs 里落地（两个新框都在）
[PASS] 两个新框都走同一个 parseVolume（范围校验只有一处）

----- 列表页可见行数（几何量复算，不靠肉眼） -----
[PASS] 取到 4 个版式常量
[PASS] ★ 这四个几何常量在屏蔽门界面里都是别名（数字只许写在 SoundListLayout）
        ROW_H=22 LIST_TOP=40 BOTTOM_RESERVE_LIST=44 STATUS_Y_LIST=-42
[PASS] GUI 高 270 时列表可见 7 行（【1.22-2】用户点名 ≥6）
[PASS] GUI 高 240 时列表可见 6 行（【1.22-2】用户点名 ≥6）
[PASS] ★ 状态行 y=228 在列表底 y=226 之下（否则盖住最后一行，等于白改）
[PASS] ★【1.23】所有列表页（开门/关门/站台/进站）整体下移一行（给表头让位）
[PASS] ★【1.23】列表页（2/3/4）用自己那套预留（不共用主界面的 BOTTOM_RESERVE）
[PASS] 没有「? "" : ""」这种退化三目残留（去括号留下的空壳）

----- 【1.22-2】右列第 0 行 = 「不播」（只有 选用 / 没有 删除） -----
[PASS] ★ 常量 RIGHT_COL_FIRST_STORED_ROW = 1（右列第 0 行让给「不播」，存档从第 1 行起）  —— 断言的是 SoundListLayout 那份唯一来源
[PASS] ★ 屏蔽门界面里的 RIGHT_COL_FIRST_STORED_ROW 是别名（数字 1 只许写在 SoundListLayout）
[PASS] ★★ 右列起始行只写在 listRowCount() 一处（各页 build 先设 rightStoredStartRow）
[PASS] ★【1.23】listRowCount() 调用点 = 6（到站/进站 rebuild+滚动条 4 处 + 开门/关门 2 处）
[PASS] 两页的**存档项**都画在 rowY(i + 1)（第 0 行留给「不播」）
[PASS] 到站 / 进站两页各有且仅有 1 个「不播」行（rowY(0)）
[PASS] ★ 页底「不播」用的 MIDIUM_Y 常量已无引用（留着会误导下一个改版式的人）
[PASS] buildArrivalPage：右列第 0 行是「不播」
[FAIL] ★ buildArrivalPage：「不播」那行有「选用」（点=把该项设成不播）
[PASS] ★★ buildArrivalPage：「不播」那行**没有「删除」**（它不是一个音频文件，删无可删）—— 这是它与下面每一行的唯一结构差别
[PASS] buildArrivalPage：「不播」画在**右列**（已导入存档那一列），不是左列
[PASS] buildArrivePage：右列第 0 行是「不播」
[FAIL] ★ buildArrivePage：「不播」那行有「选用」（点=把该项设成不播）
[PASS] ★★ buildArrivePage：「不播」那行**没有「删除」**（它不是一个音频文件，删无可删）—— 这是它与下面每一行的唯一结构差别
[PASS] buildArrivePage：「不播」画在**右列**（已导入存档那一列），不是左列
[FAIL] 下面每一行（存档项）的「删除」键都还在（只挪走了「不播」，没顺手删功能）

===== 6) 播放端：淡入淡出 / 每 tick 现算 / 列车内 -80% =====
[PASS] import 了 TickableSoundInstance
[PASS] ★ PsdMusicInstance implements TickableSoundInstance（原版引擎每 tick 才会重取音量）
[PASS] ★★ tick() 里**现算**音量（淡入淡出的成立前提）
[PASS] 有 refreshVolume(mc)
[FAIL] ★★【1.23】现算 = gain(距离, **这条声音自己的类别**) × baseVolume（不再是三类共用提示音那一份范围）
[PASS] ★★【1.23】找得到 gain(distance, roundKind) —— 范围是**按类别**传进去的
[PASS] ★★ 单参重载 gain(distance) **故意不存在** —— 逼每个调用点写清「我算哪一类」，而不是顺手用提示音那一份（本项目栽过「调用点漏改」）
[FAIL] ★ 范围由 roundFor(roundKind) 现取（改完指令下一 tick 就生效，不存快照）
[PASS] ★ d >= 范围 ⇒ 0（走远无声；用 !(d < r) 而不是 d > r，NaN 也归到 0）
[PASS] ★★【1.25】公式 = **线性** 1 - d/r（**不是**扶梯那套平方掉块曲线） —— 屏蔽门是一串同声、要整串都听得见；平方曲线 8 格只剩 25%、15 格 0.4%
[PASS] ★ 线性值再兜一次 Math.max(0, ...)（d 贴近范围时不出现 -0.0 / 负音量）
[PASS] 【1.23】三类范围的身份常量 ROUND_TONE / ROUND_MIDIUM / ROUND_ARRIVE
[FAIL] ★★ roundFor 把两类报站音分别落到 cachedMidiumRound / cachedArriveRound（都落回 cachedRound ⇒ 三条指令里有两条是死配置）
[PASS] ★★【1.25】resolvePlayable（开关门提示音）只取**音量系数**、射程判定用 ROUND_TONE —— 距离增益**不在起播那一刻算死**（那正是「门开时站得远 ⇒ 走近了也不变响」的根因）
[FAIL] planArrivalAnnounce（到站播报）用 ROUND_MIDIUM
[FAIL] tickArriveAnnounce（进站报站）用 ROUND_ARRIVE
[PASS] ★ 没有漏改的 gain(distance) 单参调用点
[FAIL] refreshSettings 里两份范围都跟着代次刷新（改完指令下一个 tick 生效）
[FAIL] onDisconnect 里两份范围都复位成各自默认（不是复用提示音那个常量）
[PASS] 复算：贴脸 = 1.0、范围外 = 0.0  -- 得到 [1.0, 0.75, 0.5, 0.25, 0.0062, 0.0, 0.0]
[PASS] ★ 复算：随距离**单调不增**（不会走远了反而更响）
[PASS] ★★【1.25】复算：d = 半个范围 ⇒ **一半**音量（线性；旧平方曲线这里是 1/4）
[PASS] ★★ 12 格（46 格长的门串里常出现的距离）仍有 0.250 音量 —— 听得见
[PASS] ★★ 15.5 格仍有 0.0312（旧平方曲线这里是 0.00098 = -60dB，等于没声）
[PASS] ★★ 对照（现场 LOG3 的距离）：同一距离线性 ≥ 旧平方曲线的 2 倍 —— 8 / 12 / 15.5 格分别 2.0× / 4.0× / 61×  -- 旧 [0.25, 0.0625, 0.001] → 新 [0.5, 0.25, 0.0312]
[PASS] TRAIN_VOLUME_FACTOR = 0.2f（= 减少 80%）
[PASS] ★★【1.28】TRAIN_RAMP_TICKS = 20 已删除（1 秒斜坡按点名撤掉）
[PASS] ★ 斜坡状态字段已全部删除（不再有「变化时刻/起点/方向」状态机）
[PASS] ★★ 现算时乘的是当前倍率 trainRamp()（阶跃后它就是 0.2 / 1.0 本身）
[PASS] ★ 旧的双路径写法（实例里直接 ridingTrain() 判断）**不存在**（都走倍率那条路）
[PASS] 倍率刷新方法 updateTrainRamp() 存在
[PASS] ★ 每 tick 直接把当前车厢状态投影成倍率 —— 上下车下一 tick 就到位（阶跃本来就不需要状态机）
[FAIL] ★★ onClientTick 的**第一件事**就是刷新列车倍率（且排在所有早退分支之前） ⇒ 哪怕这一刻没有声音在播，倍率也已是当前值；下一声起播直接拿对
[PASS] 换世界时把倍率复位成 1.0 ⇒ 下一 tick 由 updateTrainRamp 投影到新的车厢状态（进存档时人在车里也一次到位，不会先响一声大的）
[PASS] 复算：下车每 tick 都是 1.0 / 上车每 tick 都是 0.2 —— 阶跃，没有过渡值  -- 得到 下车 [1.0, 1.0, 1.0, 1.0, 1.0] / 上车 [0.2, 0.2, 0.2, 0.2, 0.2]
[PASS] 抠得出 refreshVolume() 方法体
[PASS] ★【1.30】VOLUME_SMOOTH_PER_TICK = 0.18f（每 tick 走 18% 差距 ⇒ 时间常数 ≈ 250ms）
[PASS] freshVolume 里按比例逼近（target 每 tick 现算、落到引擎的音量向 target 爬）
[PASS] ★ 平滑只对报站类（到站 / 进站，长音）；铃声 ROUND_TONE 不参与（保持清脆立即跟随）
[PASS] ★ 是「差距×比例」不是「每 tick 加固定值」—— 固定值限速会被音量大小拖累（1.23 教训）
[PASS] ★ 旧斜坡算式（t 按 tick 推进）已不存在
[PASS] 反射目标 = org.mtr...VehicleRidingMovement#ridingVehicleId
[PASS] 反射前 setAccessible(true)（private static）
[PASS] ★ 反射结果被缓存（每 tick 都反射会拖帧；且失败只记一次日志）
[FAIL] 找得到 ridingTrain()
[PASS] ★ 恰好 2 处报站音传 trainAttenuated=true：到站 + 进站  -- 得到 2 处：[('MIDIUM', 'plan.runKey, true'), ('ARRIVE', 'runKey, true')]
[PASS] ★★ 这两处**各自**带对了范围类别（到站 ROUND_MIDIUM / 进站 ROUND_ARRIVE） —— 两处都写 ROUND_MIDIUM 就是「/pbmarriveround 完全没反应」  -- 得到 [('MIDIUM', 'plan.runKey, true'), ('ARRIVE', 'runKey, true')]
[FAIL] ★★【1.26】两处报站音都把**串锚点**当最后一格传进去 = 站台广播（距离按本串最近的门算） —— 传 NO_BROADCAST_RUN 就退回「每扇门各自 16 格」，一串 55 格的门又只剩中间几扇听得见  -- 得到 ['plan.runKey, true', 'runKey, true']
[FAIL] ★★【1.25/1.26】开关门提示音也走「音量系数 + 每 tick 现算距离增益」，只剩「不吃列车衰减 + 距离按本扇门算」这两个「不」；范围走 ROUND_TONE
[PASS] ★★【1.25】factorOnly **整个删掉**（它的 false 分支 = 距离增益在起播那一刻算死 ⇒「门开时玩家站得远，这条声音就永远只剩 0.4% 音量、走近也不变响」）。留着它 = 留一条没人走的死路径（本项目栽过这个形态）
[PASS] 列车衰减开关贯穿：字段 → 构造 → refreshVolume
[PASS] 【1.23】范围类别同样贯穿：常量 → play 形参 → 构造 → 字段 → refreshVolume  -- 得到 21 处
[PASS] ★【1.23】trainAttenuated 与 roundKind 是**两个独立形参**（眼下同进同出，但判据不同 —— 合并 = 本项目栽过的「一个哨兵表达两件事」）
[PASS] ★ playableMs = max(0, 素材总长 − 剪掉的头部)（剪头那档要按**剩下的**算时长）
[PASS] ★★ remainingTicks = ceil(playableMs / 50) + 20（向上取整成 tick + 20 tick 余量）
[PASS] ★ isStopped() 用 remainingTicks <= 0 自己退场（否则实例永远挂在 SoundEngine 里）
[PASS] tick() 里递减 remainingTicks
[PASS] canPlaySound() 恒 true

===== 7) 版本号与打包名 =====
[PASS] gradle.properties 的 mod_version = 1.30.11182（用户点名的号）  -- 得到 1.30.11182
[PASS] archives_base_name = mzycBetterMTR（jar 名前缀 = 模组显示名 mzycBetterMTR）  -- 得到 mzycBetterMTR
[PASS] ★★ build.gradle 用 base.archivesName 真的**应用**了它（只声明不应用 ⇒ 产物仍叫 smooth-escalator-*，用户看不到改名）
[PASS] META-INF/mods.toml 的 displayName = mzycBetterMTR（游戏内显示名）
[PASS] ★ modId 仍是 smooth_lift（改了会让 smoothlift: 命名空间整片崩）
        检查 jar：mzycBetterMTR-1.30.11182.jar（1759262 字节）
[PASS] ★ 产物名 = mzycBetterMTR-1.30.11182.jar  -- 得到 mzycBetterMTR-1.30.11182.jar
[PASS] jar 内含 PsdToneAudio.class
[PASS] SmoothLift.class 里编进了 pbmmusicloud
[PASS] SmoothLift.class 里编进了 pbmmidiumloud
[PASS] SmoothLift.class 里编进了 pbmarriveloud
[FAIL] jar 内含 SetPsdMidiumLoudPacket.class
[FAIL] jar 内含 SetPsdArriveLoudPacket.class
[PASS] PsdToneAudio.class 里编进了字段 midiumVolume（record 组件名会在字节码里）
[PASS] PsdToneAudio.class 里编进了字段 arriveVolume（record 组件名会在字节码里）
[PASS] EscalatorSpeedManager.class 里编进了 setDoorPsdMidiumVolume
[PASS] EscalatorSpeedManager.class 里编进了 setDoorPsdArriveVolume
[PASS] EscalatorSpeedManager.class 里编进了 getDoorPsdMidiumVolume
[PASS] EscalatorSpeedManager.class 里编进了 getDoorPsdArriveVolume
[PASS] ★ 播放实例是内嵌类 smooth/lift/client/PsdChimePlayer$PsdMusicInstance.class（字节码断言要查它，不是外层）
[PASS] PsdMusicInstance.class 里编进了 refreshVolume
[PASS] PsdMusicInstance.class 里编进了 remainingTicks
[PASS] PsdMusicInstance.class 里编进了 trainAttenuated
[PASS] PsdMusicInstance.class 里编进了 roundKind
[PASS] PsdMusicInstance.class 里编进了 chainRunKey
[PASS] ★★【1.25】PsdMusicInstance.class 里**没有** factorOnly —— 「增益算一次就冻住」那条分支确实从字节码里消失了
[SKIP] 没找到 dev jar，跳过「真的 implements TickableSoundInstance」校验
[PASS] PsdChimePlayer.class 里编进了 ridingVehicleId
[PASS] PsdChimePlayer.class 里编进了 TRAIN_VOLUME_FACTOR
[PASS] PsdChimePlayer.class 里编进了 ridingTrain
[PASS] PsdChimePlayer.class 里编进了 updateTrainRamp
[PASS] PsdChimePlayer.class 里编进了 trainRamp
[PASS] PsdChimePlayer.class 里编进了 cachedMidiumRound
[PASS] PsdChimePlayer.class 里编进了 cachedArriveRound
[FAIL] PsdChimePlayer.class 里编进了 roundFor
[PASS] ★【1.28】PsdChimePlayer.class 里**没有** TRAIN_RAMP_TICKS（1 秒斜坡已删）
[PASS] ★ 反射字段名以**字符串**进了常量池
[FAIL] ★★【1.23】roundFor / cachedArriveRound 进了常量池 —— 三条 range 指令不是死配置
[PASS] jar 内含 PsdToneSetupScreen.class
[PASS] PsdToneSetupScreen.class 里编进了 midiumLoudInput
[PASS] PsdToneSetupScreen.class 里编进了 arriveLoudInput
[PASS] PsdToneSetupScreen.class 里编进了 sendSetMidiumLoud
[PASS] PsdToneSetupScreen.class 里编进了 sendSetArriveLoud

== 失败 28 项 ==
   - SetPsdMidiumLoudPacket 包类存在
   - SetPsdArriveLoudPacket 包类存在
   - 抓得到 PsdToneSyncPacket.encode 的包体
   - 抓得到 PsdToneSyncPacket.decode 的读取段
   - 抓得到维度包的写段 / 读段
   - ★ applyClientPsdChime 19 入参 = record 15 + dimension + enabled + 【1.23】两个范围（维度包多带这两个，包格数 19 也对得上）
   - 【1.23】两个范围在 applyClientPsdChime 入参**末尾**
   - ★ 末尾四格 = 1.22 的音量对 + 1.23 的范围对（顺序与包、与读段三处一致）
   - 两个音量框都带「音量:」提示
   - 两个秒数框都带「等待秒数:」提示
   - ★ buildArrivalPage：「不播」那行有「选用」（点=把该项设成不播）
   - ★ buildArrivePage：「不播」那行有「选用」（点=把该项设成不播）
   - 下面每一行（存档项）的「删除」键都还在（只挪走了「不播」，没顺手删功能）
   - ★★【1.23】现算 = gain(距离, **这条声音自己的类别**) × baseVolume（不再是三类共用提示音那一份范围）
   - ★ 范围由 roundFor(roundKind) 现取（改完指令下一 tick 就生效，不存快照）
   - ★★ roundFor 把两类报站音分别落到 cachedMidiumRound / cachedArriveRound（都落回 cachedRound ⇒ 三条指令里有两条是死配置）
   - planArrivalAnnounce（到站播报）用 ROUND_MIDIUM
   - tickArriveAnnounce（进站报站）用 ROUND_ARRIVE
   - refreshSettings 里两份范围都跟着代次刷新（改完指令下一个 tick 生效）
   - onDisconnect 里两份范围都复位成各自默认（不是复用提示音那个常量）
   - ★★ onClientTick 的**第一件事**就是刷新列车倍率（且排在所有早退分支之前） ⇒ 哪怕这一刻没有声音在播，倍率也已是当前值；下一声起播直接拿对
   - 找得到 ridingTrain()
   - ★★【1.26】两处报站音都把**串锚点**当最后一格传进去 = 站台广播（距离按本串最近的门算） —— 传 NO_BROADCAST_RUN 就退回「每扇门各自 16 格」，一串 55 格的门又只剩中间几扇听得见
   - ★★【1.25/1.26】开关门提示音也走「音量系数 + 每 tick 现算距离增益」，只剩「不吃列车衰减 + 距离按本扇门算」这两个「不」；范围走 ROUND_TONE
   - jar 内含 SetPsdMidiumLoudPacket.class
   - jar 内含 SetPsdArriveLoudPacket.class
   - PsdChimePlayer.class 里编进了 roundFor
   - ★★【1.23】roundFor / cachedArriveRound 进了常量池 —— 三条 range 指令不是死配置
