
############################################################
# mixin 插件安全
############################################################
  ==> 通过

############################################################
# mixin 包守卫(类)
############################################################
  ==> 通过

############################################################
# 扶梯阶梯渲染引擎
############################################################
  ==> 通过

############################################################
# 屏蔽门锚点与跳变
############################################################
  ==> 通过

############################################################
# 屏蔽门存档字段
############################################################
  ==> 通过

############################################################
# 屏蔽门提示音素材
############################################################
  ==> 通过

############################################################
# 屏蔽门关门提示音对齐
############################################################
  ==> 通过

############################################################
# 屏蔽门提示音顺序
############################################################
  ==> 通过

############################################################
# 屏蔽门提前量状态机
############################################################
  ==> 通过

############################################################
# 屏蔽门音量与淡入淡出
############################################################
  ==> 通过

############################################################
# 屏蔽门站台广播
############################################################
  ==> 通过

############################################################
# 屏蔽门讲述人只念一次
############################################################
  ==> 通过

############################################################
# 讲述人默认值/预设/按存档文字
############################################################
  ==> 失败（完整输出见下方）
===== 0) 读源码 =====
  EscalatorSpeedData     src/main/java/smooth/lift/EscalatorSpeedData.java
  EscalatorSpeedManager  src/main/java/smooth/lift/EscalatorSpeedManager.java
  SmoothLift             src/main/java/smooth/lift/SmoothLift.java
  TrainAnnounceSwitch    src/main/java/smooth/lift/client/TrainAnnounceSwitch.java
  TrainAnnounceNarrator  src/main/java/smooth/lift/client/TrainAnnounceNarrator.java
  PsdChimePlayer         src/main/java/smooth/lift/client/PsdChimePlayer.java
  MbmHelpScreen          src/main/java/smooth/lift/client/MbmHelpScreen.java
  PsdToneSetupScreen     src/main/java/smooth/lift/client/PsdToneSetupScreen.java
  SmoothLiftClient/PsdChimeSyncPacket src/main/java/smooth/lift/network/PsdChimeSyncPacket.java

===== 1) 默认值（数据层）=====
[PASS] 进站讲述人维度默认 = 开启(香港) / -20 秒；站台秒数仍 0  -- 全部命中

===== 2) 默认值（客户端）+ config 不再存词 =====
[PASS] textMode 默认 CHAT、站台总闸默认关、load/save 落实、词不进 config  -- 全部命中

===== 3) 经典港铁预设 = -20 秒 / 香港 / 聊天框 / 站台关 =====
[PASS] 经典预设聊天框 + 秒数 -20（服务端落库）  -- 全部命中

===== 4) 按存档存（数据 / 同步 / 客户端镜像 / C2S）=====
[PASS] 两列表进 NBT、S2C 追加、C2S 通道、客户端镜像  -- 全部命中

===== 5) 两条广播文字两套分开 =====
[PASS] arriveTextForStyle 收列表 + 进站/站台各传各的 + UI 按目标路由  -- 全部命中

===== 6) 脚本自带对照实验（注入旧行为必须判红）=====
[PASS] 对照 m1 注入成功（经典预设退回 word）  -- 替换 1 处
[FAIL] m1 后「经典预设聊天框」必须判红  -- ★ 没判红 ⇒ 第 3 节是假网
[PASS] 对照 m2 注入成功（arriveTextForStyle 丢列表参）  -- 替换 1 处
[PASS] m2 后「两套分开」必须判红  -- 命中：TrainAnnounceNarrator.arriveTextForStyle 没有第 6 个参数（userTexts 列表）
[PASS] 对照 m3 注入成功（预设去掉 -20 秒）  -- 替换 1 处
[PASS] m3 后「经典预设 -20 秒」必须判红  -- 命中：applyPreset classic 分支没有 setDefaultPsdNarrateLeadAll（-20 秒）
[PASS] 对照 m4 注入成功（save 退回写 config 词）  -- 替换 1 处
[PASS] m4 后「词不进 config」必须判红  -- 命中：save() 还在写 trainArriveAnnounceUser.N —— 自定义词已改存存档

== 失败 1 项 ==
   - m1 后「经典预设聊天框」必须判红

############################################################
# 屏蔽门串身份=站台
############################################################
  ==> 通过

############################################################
# 屏蔽门1.28身份迁移与列车倍率
############################################################
  ==> 通过

############################################################
# 屏蔽门铃声/播报归属
############################################################
  ==> 通过

############################################################
# 屏蔽门1.31借用与列车挡
############################################################
  ==> 通过

############################################################
# MBM批量音频指令
############################################################
  ==> 通过

############################################################
# 预设选择界面与预设
############################################################
  ==> 通过

############################################################
# 同步所有按钮与弹窗
############################################################
  ==> 通过

############################################################
# 列车音效界面与侧线
############################################################
  ==> 通过

############################################################
# 直梯界面两列版式
############################################################
  ==> 通过

############################################################
# MTR3/MTR4 契约
############################################################
  ==> 通过

############################################################
# 指令树
############################################################
  ==> 通过

############################################################
# PIDS 站台名掩码
############################################################
  ==> 通过

############################################################
# 有回归失败，见上面明细
############################################################
EXIT=1
