
############################################################
# mixin 插件安全
############################################################
  ==> 通过

############################################################
# mixin 包守卫(类)
############################################################
  ==> 通过

############################################################
# 扶梯阶梯渲染引擎
############################################################
  ==> 通过

############################################################
# 屏蔽门锚点与跳变
############################################################
  ==> 通过

############################################################
# 屏蔽门存档字段
############################################################
  ==> 通过

############################################################
# 屏蔽门提示音素材
############################################################
  ==> 通过

############################################################
# 屏蔽门关门提示音对齐
############################################################
  ==> 通过

############################################################
# 屏蔽门提示音顺序
############################################################
  ==> 通过

############################################################
# 屏蔽门提前量状态机
############################################################
  ==> 通过

############################################################
# 屏蔽门音量与淡入淡出
############################################################
  ==> 通过

############################################################
# 屏蔽门站台广播
############################################################
  ==> 通过

############################################################
# 屏蔽门讲述人只念一次
############################################################
  ==> 通过

############################################################
# 讲述人默认值/预设/按存档文字
############################################################
  ==> 失败（完整输出见下方）
===== 0) 读源码 =====
  EscalatorSpeedData     src/main/java/smooth/lift/EscalatorSpeedData.java
  EscalatorSpeedManager  src/main/java/smooth/lift/EscalatorSpeedManager.java
  SmoothLift             src/main/java/smooth/lift/SmoothLift.java
  TrainAnnounceSwitch    src/main/java/smooth/lift/client/TrainAnnounceSwitch.java
  TrainAnnounceNarrator  src/main/java/smooth/lift/client/TrainAnnounceNarrator.java
  PsdChimePlayer         src/main/java/smooth/lift/client/PsdChimePlayer.java
  MbmHelpScreen          src/main/java/smooth/lift/client/MbmHelpScreen.java
  PsdToneSetupScreen     src/main/java/smooth/lift/client/PsdToneSetupScreen.java
  SmoothLiftClient/PsdChimeSyncPacket src/main/java/smooth/lift/network/PsdChimeSyncPacket.java

===== 1) 默认值（数据层）=====
[PASS] 进站讲述人维度默认 = 开启(香港) / -20 秒；站台秒数仍 0  -- 全部命中

===== 2) 默认值（客户端）+ config 不再存词 =====
[PASS] textMode 默认 CHAT、站台总闸默认关、load/save 落实、词不进 config  -- 全部命中

===== 3) 经典港铁预设 = -20 秒 / 香港 / 聊天框 / 站台关 =====
[PASS] 经典预设聊天框 + 秒数 -20（服务端落库）  -- 全部命中

===== 4) 按存档存（数据 / 同步 / 客户端镜像 / C2S）=====
[PASS] 两列表进 NBT、S2C 追加、C2S 通道、客户端镜像  -- 全部命中

===== 5) 两条广播文字两套分开 =====
[PASS] arriveTextForStyle 收列表 + 进站/站台各传各的 + UI 按目标路由  -- 全部命中

===== 6) 脚本自带对照实验（注入旧行为必须判红）=====
[FAIL] 对照 m1 注入成功（经典预设退回 word）  -- 替换 2 处
[PASS] m1 后「经典预设聊天框」必须判红  -- 命中：经典港铁预设还是开的**屏幕字幕**（enableWordForPreset）—— 用户点名改聊天框
[PASS] 对照 m2 注入成功（arriveTextForStyle 丢列表参）  -- 替换 1 处
[PASS] m2 后「两套分开」必须判红  -- 命中：TrainAnnounceNarrator.arriveTextForStyle 没有第 6 个参数（userTexts 列表）
[PASS] 对照 m3 注入成功（预设去掉 -20 秒）  -- 替换 1 处
[PASS] m3 后「经典预设 -20 秒」必须判红  -- 命中：applyPreset classic 分支没有 setDefaultPsdNarrateLeadAll（-20 秒）
[PASS] 对照 m4 注入成功（save 退回写 config 词）  -- 替换 1 处
[PASS] m4 后「词不进 config」必须判红  -- 命中：save() 还在写 trainArriveAnnounceUser.N —— 自定义词已改存存档

== 失败 1 项 ==
   - 对照 m1 注入成功（经典预设退回 word）

############################################################
# 屏蔽门串身份=站台
############################################################
  ==> 通过

############################################################
# 屏蔽门1.28身份迁移与列车倍率
############################################################
  ==> 通过

############################################################
# 屏蔽门铃声/播报归属
############################################################
  ==> 通过

############################################################
# 屏蔽门1.31借用与列车挡
############################################################
  ==> 通过

############################################################
# MBM批量音频指令
############################################################
  ==> 失败（完整输出见下方）

===== 1) /MBM help | music in | music delete 注册 =====
  ==> 通过  根字面量 MBM 已注册（走 mbmTree）
  ==> 通过  小写别名 mbm 也已注册（MC 指令字面量大小写敏感）
  ==> 通过  裸 /MBM = 与 /MBM help 同义（自带执行器 -> mbmOpenHelp）
  ==> 通过  MBM help -> mbmOpenHelp
  ==> 通过  MBM music 子节点存在
  ==> 通过  MBM music in -> dtMusicImportAll
  ==> 通过  MBM music delete -> dtMusicDeleteAll
  ==> 通过  ★ 旧的根字面量 dtmusic 已从指令树里移除（干净改名，不保留别名）
  ==> 通过  ★ 剥掉注释后的源码里一个 dtmusic 都没有（残留只允许在注释/javadoc 里）  -- 行号 无

===== 2) dtMusicImportAll：全量遍历文件夹导入 =====
  ==> 通过  抠得出 dtMusicImportAll() 方法体
  ==> 通过  用 scanAudioFiles 全量扫 MBM_Audio 文件夹（【1.28】按分类子文件夹逐类扫）
  ==> 通过  逐条走 importAudioToStore（同一套 ogg 校验，分类也一并带过去）
  ==> 通过  导入后补发音频库同步包（客户端「已导入」右列刷新）
  ==> 通过  方法体内没有短路守卫（批量真的会执行）

===== 3) dtMusicDeleteAll：清空音频库、不动 MBM_Audio 文件夹 =====
  ==> 通过  抠得出 dtMusicDeleteAll() 方法体
  ==> 通过  遍历 audioCategoryNames 全量键（快照，【1.28】按分类聚合后再逐条删）
  ==> 通过  逐条走 deleteAudio（removeAudio 连带清引用；分类也一并带过去）
  ==> 通过  删除后补三路同步（音频库 / 无障碍 / 屏蔽门）
  ==> 通过  ★ delete 方法体内**没有任何删除文件夹文件的代码**（MBM_Audio 只读，绝不动）
  ==> 通过  方法体内没有短路守卫（批量真的会执行）

===== 4) 存档音频文件夹 = MBM_Audio =====
  ==> 通过  AUDIO_FOLDER 的值是 "MBM_Audio"
  ==> 通过  EscalatorSpeedManager 里没有旧文件夹名的字符串字面量
  ==> 通过  文件夹路径仍然统一由 audioFolder(level) 产出
  ==> 通过  剥注释后全工程源码里没有旧文件夹名 smoothlift_audio  -- 命中 []
  ==> 通过  改名有【1.53】标记（可追溯）

===== 5) 版本号（用户点名 => 1.30.11201） =====
  ==> 失败  gradle.properties mod_version = 1.30.11201（用户点名）  -- 得到 1.31.11201

===== 6) 字节码 / jar =====
  ==> 通过  两个批量 handler 都编进了字节码
  ==> 通过  根字面量 MBM / mbm 编进了字节码
  ==> 通过  【1.53】MbmHelpOpenPacket 包类编进了 jar
  ==> 通过  【1.53】MbmPresetPacket 包类编进了 jar
  ==> 通过  【1.53】MbmAllVolumePacket 包类编进了 jar
  ==> 通过  ★ 字节码里没有旧的 dtmusic 字面量
  ==> 通过  ★ 字节码里文件夹名是 MBM_Audio
  ==> 通过  ★ 字节码里没有旧的 smoothlift_audio
  ==> 通过  ★ 字节码里没有 UPLOAD 死通道（【1.7】分块上传已删：会绕过分类注册表入库）
  ==> 失败  jar MANIFEST Implementation-Version = 1.30.11201（用户点名）  -- 得到 1.31.11201
  ==> 通过  【1.53】MbmHelpScreen.class 已打进 jar

== 失败 2 项 ==
   - gradle.properties mod_version = 1.30.11201（用户点名）
   - jar MANIFEST Implementation-Version = 1.30.11201（用户点名）

############################################################
# 预设选择界面与预设
############################################################
  ==> 失败（完整输出见下方）
Traceback (most recent call last):
  File "C:\Users\user\Desktop\2\mzycBetterMTR-Forge-1.20.1\_tools\check-mbm-help.py", line 189, in <module>
    client = open(CLIENT, encoding="utf-8").read()
             ~~~~^^^^^^^^^^^^^^^^^^^^^^^^^^
FileNotFoundError: [Errno 2] No such file or directory: 'C:\\Users\\user\\Desktop\\2\\mzycBetterMTR-Forge-1.20.1\\src\\main\\java\\smooth\\lift\\client\\SmoothLiftClient.java'

############################################################
# 同步所有按钮与弹窗
############################################################
  ==> 通过

############################################################
# 列车音效界面与侧线
############################################################
  ==> 通过

############################################################
# 直梯界面两列版式
############################################################
  ==> 通过

############################################################
# MTR3/MTR4 契约
############################################################
  ==> 通过

############################################################
# 指令树
############################################################
  ==> 通过

############################################################
# PIDS 站台名掩码
############################################################
  ==> 通过

############################################################
# 有回归失败，见上面明细
############################################################
EXIT=1
