C:\Users\user\Desktop\2\mzycBetterMTR-Forge-1.18.2\src\main\java\smooth\lift\client\AudioSetupScreen.java:378: error: cannot find symbol
C:\Users\user\Desktop\2\mzycBetterMTR-Forge-1.18.2\src\main\java\smooth\lift\client\AudioSetupScreen.java:6: error: cannot find symbol
C:\Users\user\Desktop\2\mzycBetterMTR-Forge-1.18.2\src\main\java\smooth\lift\client\EscalatorAudioPlayer.java:17: error: cannot find symbol
C:\Users\user\Desktop\2\mzycBetterMTR-Forge-1.18.2\src\main\java\smooth\lift\client\EscalatorChimePlayer.java:17: error: cannot find symbol
C:\Users\user\Desktop\2\mzycBetterMTR-Forge-1.18.2\src\main\java\smooth\lift\client\EscalatorRenderModeCommand.java:28: error: cannot find symbol
C:\Users\user\Desktop\2\mzycBetterMTR-Forge-1.18.2\src\main\java\smooth\lift\client\EscalatorRenderModeCommand.java:4: error: cannot find symbol
C:\Users\user\Desktop\2\mzycBetterMTR-Forge-1.18.2\src\main\java\smooth\lift\client\EscalatorRenderModeCommand.java:45: error: cannot find symbol
C:\Users\user\Desktop\2\mzycBetterMTR-Forge-1.18.2\src\main\java\smooth\lift\client\EscalatorRenderModeCommand.java:69: error: cannot find symbol
C:\Users\user\Desktop\2\mzycBetterMTR-Forge-1.18.2\src\main\java\smooth\lift\client\EscalatorSpeedScreen.java:223: error: cannot find symbol
C:\Users\user\Desktop\2\mzycBetterMTR-Forge-1.18.2\src\main\java\smooth\lift\client\EscalatorSpeedScreen.java:440: error: cannot find symbol
C:\Users\user\Desktop\2\mzycBetterMTR-Forge-1.18.2\src\main\java\smooth\lift\client\EscalatorSpeedScreen.java:458: error: cannot find symbol
C:\Users\user\Desktop\2\mzycBetterMTR-Forge-1.18.2\src\main\java\smooth\lift\client\EscalatorSpeedScreen.java:6: error: cannot find symbol
C:\Users\user\Desktop\2\mzycBetterMTR-Forge-1.18.2\src\main\java\smooth\lift\client\EscalatorStepModels.java:70: error: cannot find symbol
C:\Users\user\Desktop\2\mzycBetterMTR-Forge-1.18.2\src\main\java\smooth\lift\client\EscalatorStepModels.java:8: error: cannot find symbol
C:\Users\user\Desktop\2\mzycBetterMTR-Forge-1.18.2\src\main\java\smooth\lift\client\EscalatorStepRenderer.java:17: error: cannot find symbol
C:\Users\user\Desktop\2\mzycBetterMTR-Forge-1.18.2\src\main\java\smooth\lift\client\EscalatorStepRenderer.java:23: error: package org.joml does not exist
C:\Users\user\Desktop\2\mzycBetterMTR-Forge-1.18.2\src\main\java\smooth\lift\client\EscalatorStepRenderer.java:587: error: cannot find symbol
C:\Users\user\Desktop\2\mzycBetterMTR-Forge-1.18.2\src\main\java\smooth\lift\client\EscalatorStepRenderer.java:588: error: cannot find symbol
C:\Users\user\Desktop\2\mzycBetterMTR-Forge-1.18.2\src\main\java\smooth\lift\client\EscalatorStepTicker.java:13: error: cannot find symbol
C:\Users\user\Desktop\2\mzycBetterMTR-Forge-1.18.2\src\main\java\smooth\lift\client\EscalatorStepTicker.java:15: error: cannot find symbol
C:\Users\user\Desktop\2\mzycBetterMTR-Forge-1.18.2\src\main\java\smooth\lift\client\EscalatorStepTicker.java:18: error: cannot find symbol
C:\Users\user\Desktop\2\mzycBetterMTR-Forge-1.18.2\src\main\java\smooth\lift\client\EscalatorStepTicker.java:3: error: cannot find symbol
C:\Users\user\Desktop\2\mzycBetterMTR-Forge-1.18.2\src\main\java\smooth\lift\client\HelpAudioSetupScreen.java:390: error: cannot find symbol
C:\Users\user\Desktop\2\mzycBetterMTR-Forge-1.18.2\src\main\java\smooth\lift\client\HelpAudioSetupScreen.java:6: error: cannot find symbol
C:\Users\user\Desktop\2\mzycBetterMTR-Forge-1.18.2\src\main\java\smooth\lift\client\LiftChimePlayer.java:14: error: cannot find symbol
C:\Users\user\Desktop\2\mzycBetterMTR-Forge-1.18.2\src\main\java\smooth\lift\client\LiftToneSetupScreen.java:6: error: cannot find symbol
C:\Users\user\Desktop\2\mzycBetterMTR-Forge-1.18.2\src\main\java\smooth\lift\client\LiftToneSetupScreen.java:694: error: cannot find symbol
C:\Users\user\Desktop\2\mzycBetterMTR-Forge-1.18.2\src\main\java\smooth\lift\client\LiftToneSetupScreen.java:708: error: cannot find symbol
C:\Users\user\Desktop\2\mzycBetterMTR-Forge-1.18.2\src\main\java\smooth\lift\client\LiftToneSetupScreen.java:733: error: cannot find symbol
C:\Users\user\Desktop\2\mzycBetterMTR-Forge-1.18.2\src\main\java\smooth\lift\client\MbmHelpScreen.java:205: error: cannot find symbol
C:\Users\user\Desktop\2\mzycBetterMTR-Forge-1.18.2\src\main\java\smooth\lift\client\MbmHelpScreen.java:6: error: cannot find symbol
C:\Users\user\Desktop\2\mzycBetterMTR-Forge-1.18.2\src\main\java\smooth\lift\client\mixin\EscalatorSpriteTickerMixin.java:19: error: cannot find symbol
C:\Users\user\Desktop\2\mzycBetterMTR-Forge-1.18.2\src\main\java\smooth\lift\client\mixin\EscalatorSpriteTickerMixin.java:19: error: Mixin has no targets
C:\Users\user\Desktop\2\mzycBetterMTR-Forge-1.18.2\src\main\java\smooth\lift\client\mixin\EscalatorSpriteTickerMixin.java:23: error: cannot find symbol
C:\Users\user\Desktop\2\mzycBetterMTR-Forge-1.18.2\src\main\java\smooth\lift\client\mixin\EscalatorSpriteTickerMixin.java:3: error: cannot find symbol
C:\Users\user\Desktop\2\mzycBetterMTR-Forge-1.18.2\src\main\java\smooth\lift\client\mixin\EscalatorSpriteTickerMixin.java:4: error: cannot find symbol
C:\Users\user\Desktop\2\mzycBetterMTR-Forge-1.18.2\src\main\java\smooth\lift\client\PictureTextures.java:221: error: cannot find symbol
C:\Users\user\Desktop\2\mzycBetterMTR-Forge-1.18.2\src\main\java\smooth\lift\client\PictureTextures.java:68: error: cannot find symbol
C:\Users\user\Desktop\2\mzycBetterMTR-Forge-1.18.2\src\main\java\smooth\lift\client\PictureTextures.java:7: error: cannot find symbol
C:\Users\user\Desktop\2\mzycBetterMTR-Forge-1.18.2\src\main\java\smooth\lift\client\PsdChimePlayer.java:15: error: cannot find symbol
C:\Users\user\Desktop\2\mzycBetterMTR-Forge-1.18.2\src\main\java\smooth\lift\client\PsdToneSetupScreen.java:1265: error: cannot find symbol
C:\Users\user\Desktop\2\mzycBetterMTR-Forge-1.18.2\src\main\java\smooth\lift\client\PsdToneSetupScreen.java:1668: error: cannot find symbol
C:\Users\user\Desktop\2\mzycBetterMTR-Forge-1.18.2\src\main\java\smooth\lift\client\PsdToneSetupScreen.java:2073: error: cannot find symbol
C:\Users\user\Desktop\2\mzycBetterMTR-Forge-1.18.2\src\main\java\smooth\lift\client\PsdToneSetupScreen.java:2093: error: cannot find symbol
C:\Users\user\Desktop\2\mzycBetterMTR-Forge-1.18.2\src\main\java\smooth\lift\client\PsdToneSetupScreen.java:2133: error: cannot find symbol
C:\Users\user\Desktop\2\mzycBetterMTR-Forge-1.18.2\src\main\java\smooth\lift\client\PsdToneSetupScreen.java:2137: error: cannot find symbol
C:\Users\user\Desktop\2\mzycBetterMTR-Forge-1.18.2\src\main\java\smooth\lift\client\PsdToneSetupScreen.java:2149: error: cannot find symbol
C:\Users\user\Desktop\2\mzycBetterMTR-Forge-1.18.2\src\main\java\smooth\lift\client\PsdToneSetupScreen.java:2201: error: cannot find symbol
C:\Users\user\Desktop\2\mzycBetterMTR-Forge-1.18.2\src\main\java\smooth\lift\client\PsdToneSetupScreen.java:6: error: cannot find symbol
C:\Users\user\Desktop\2\mzycBetterMTR-Forge-1.18.2\src\main\java\smooth\lift\client\SyncPopupScreen.java:198: error: cannot find symbol
C:\Users\user\Desktop\2\mzycBetterMTR-Forge-1.18.2\src\main\java\smooth\lift\client\SyncPopupScreen.java:6: error: cannot find symbol
C:\Users\user\Desktop\2\mzycBetterMTR-Forge-1.18.2\src\main\java\smooth\lift\client\TrainAnnounceSubtitle.java:269: error: cannot find symbol
C:\Users\user\Desktop\2\mzycBetterMTR-Forge-1.18.2\src\main\java\smooth\lift\client\TrainAnnounceSubtitle.java:6: error: cannot find symbol
C:\Users\user\Desktop\2\mzycBetterMTR-Forge-1.18.2\src\main\java\smooth\lift\client\TrainAnnounceSwitch.java:1044: error: cannot find symbol
C:\Users\user\Desktop\2\mzycBetterMTR-Forge-1.18.2\src\main\java\smooth\lift\client\TrainAnnounceSwitch.java:1056: error: cannot find symbol
C:\Users\user\Desktop\2\mzycBetterMTR-Forge-1.18.2\src\main\java\smooth\lift\client\TrainAnnounceSwitch.java:1064: error: cannot find symbol
C:\Users\user\Desktop\2\mzycBetterMTR-Forge-1.18.2\src\main\java\smooth\lift\client\TrainAnnounceSwitch.java:1134: error: cannot find symbol
C:\Users\user\Desktop\2\mzycBetterMTR-Forge-1.18.2\src\main\java\smooth\lift\client\TrainAnnounceSwitch.java:1169: error: cannot find symbol
C:\Users\user\Desktop\2\mzycBetterMTR-Forge-1.18.2\src\main\java\smooth\lift\client\TrainAnnounceSwitch.java:1292: error: cannot find symbol
C:\Users\user\Desktop\2\mzycBetterMTR-Forge-1.18.2\src\main\java\smooth\lift\client\TrainAnnounceSwitch.java:1435: error: cannot find symbol
C:\Users\user\Desktop\2\mzycBetterMTR-Forge-1.18.2\src\main\java\smooth\lift\client\TrainAnnounceSwitch.java:1447: error: cannot find symbol
C:\Users\user\Desktop\2\mzycBetterMTR-Forge-1.18.2\src\main\java\smooth\lift\client\TrainAnnounceSwitch.java:1464: error: cannot find symbol
C:\Users\user\Desktop\2\mzycBetterMTR-Forge-1.18.2\src\main\java\smooth\lift\client\TrainAnnounceSwitch.java:1469: error: cannot find symbol
C:\Users\user\Desktop\2\mzycBetterMTR-Forge-1.18.2\src\main\java\smooth\lift\client\TrainAnnounceSwitch.java:1474: error: cannot find symbol
C:\Users\user\Desktop\2\mzycBetterMTR-Forge-1.18.2\src\main\java\smooth\lift\client\TrainAnnounceSwitch.java:1479: error: cannot find symbol
C:\Users\user\Desktop\2\mzycBetterMTR-Forge-1.18.2\src\main\java\smooth\lift\client\TrainAnnounceSwitch.java:1484: error: cannot find symbol
C:\Users\user\Desktop\2\mzycBetterMTR-Forge-1.18.2\src\main\java\smooth\lift\client\TrainAnnounceSwitch.java:1489: error: cannot find symbol
C:\Users\user\Desktop\2\mzycBetterMTR-Forge-1.18.2\src\main\java\smooth\lift\client\TrainAnnounceSwitch.java:1494: error: cannot find symbol
C:\Users\user\Desktop\2\mzycBetterMTR-Forge-1.18.2\src\main\java\smooth\lift\client\TrainAnnounceSwitch.java:569: error: cannot find symbol
C:\Users\user\Desktop\2\mzycBetterMTR-Forge-1.18.2\src\main\java\smooth\lift\client\TrainAnnounceSwitch.java:578: error: cannot find symbol
C:\Users\user\Desktop\2\mzycBetterMTR-Forge-1.18.2\src\main\java\smooth\lift\client\TrainAnnounceSwitch.java:603: error: cannot find symbol
C:\Users\user\Desktop\2\mzycBetterMTR-Forge-1.18.2\src\main\java\smooth\lift\client\TrainAnnounceSwitch.java:625: error: cannot find symbol
C:\Users\user\Desktop\2\mzycBetterMTR-Forge-1.18.2\src\main\java\smooth\lift\client\TrainAnnounceSwitch.java:678: error: cannot find symbol
C:\Users\user\Desktop\2\mzycBetterMTR-Forge-1.18.2\src\main\java\smooth\lift\client\TrainAnnounceSwitch.java:8: error: cannot find symbol
C:\Users\user\Desktop\2\mzycBetterMTR-Forge-1.18.2\src\main\java\smooth\lift\client\TrainAnnounceSwitch.java:980: error: cannot find symbol
C:\Users\user\Desktop\2\mzycBetterMTR-Forge-1.18.2\src\main\java\smooth\lift\client\TrainAnnounceSwitch.java:998: error: cannot find symbol
C:\Users\user\Desktop\2\mzycBetterMTR-Forge-1.18.2\src\main\java\smooth\lift\client\TrainSoundScreen.java:599: error: cannot find symbol
C:\Users\user\Desktop\2\mzycBetterMTR-Forge-1.18.2\src\main\java\smooth\lift\client\TrainSoundScreen.java:6: error: cannot find symbol
C:\Users\user\Desktop\2\mzycBetterMTR-Forge-1.18.2\src\main\java\smooth\lift\client\TrainSoundScreen.java:615: error: cannot find symbol
C:\Users\user\Desktop\2\mzycBetterMTR-Forge-1.18.2\src\main\java\smooth\lift\client\TrainSoundScreen.java:630: error: cannot find symbol
C:\Users\user\Desktop\2\mzycBetterMTR-Forge-1.18.2\src\main\java\smooth\lift\client\WrappingEditBox.java:4: error: cannot find symbol
C:\Users\user\Desktop\2\mzycBetterMTR-Forge-1.18.2\src\main\java\smooth\lift\client\WrappingEditBox.java:68: error: cannot find symbol
C:\Users\user\Desktop\2\mzycBetterMTR-Forge-1.18.2\src\main\java\smooth\lift\client\ZhajiChimePlayer.java:15: error: cannot find symbol
C:\Users\user\Desktop\2\mzycBetterMTR-Forge-1.18.2\src\main\java\smooth\lift\client\ZhajiToneSetupScreen.java:551: error: cannot find symbol
C:\Users\user\Desktop\2\mzycBetterMTR-Forge-1.18.2\src\main\java\smooth\lift\client\ZhajiToneSetupScreen.java:565: error: cannot find symbol
C:\Users\user\Desktop\2\mzycBetterMTR-Forge-1.18.2\src\main\java\smooth\lift\client\ZhajiToneSetupScreen.java:585: error: cannot find symbol
C:\Users\user\Desktop\2\mzycBetterMTR-Forge-1.18.2\src\main\java\smooth\lift\client\ZhajiToneSetupScreen.java:6: error: cannot find symbol
C:\Users\user\Desktop\2\mzycBetterMTR-Forge-1.18.2\src\main\java\smooth\lift\EscalatorSpeedData.java:1416: error: cannot find symbol
